[2026-04-05T10:49:46.718Z] Admin dashboard error: Error: read ECONNRESET
    at PromisePool.execute (D:\myprojects\snaguptechnologies\backend\node_modules\mysql2\lib\promise\pool.js:54:22)
    at D:\myprojects\snaguptechnologies\backend\routes\dashboard.js:9:36
    at Layer.handleRequest (D:\myprojects\snaguptechnologies\backend\node_modules\router\lib\layer.js:152:17)
    at next (D:\myprojects\snaguptechnologies\backend\node_modules\router\lib\route.js:157:13)
    at D:\myprojects\snaguptechnologies\backend\middleware\auth.js:24:9
    at Layer.handleRequest (D:\myprojects\snaguptechnologies\backend\node_modules\router\lib\layer.js:152:17)
    at next (D:\myprojects\snaguptechnologies\backend\node_modules\router\lib\route.js:157:13)
    at authenticateToken (D:\myprojects\snaguptechnologies\backend\middleware\auth.js:13:9)
    at Layer.handleRequest (D:\myprojects\snaguptechnologies\backend\node_modules\router\lib\layer.js:152:17)
    at next (D:\myprojects\snaguptechnologies\backend\node_modules\router\lib\route.js:157:13)
[2026-04-05T10:49:46.776Z] Admin dashboard error: Error: read ECONNRESET
    at PromisePool.execute (D:\myprojects\snaguptechnologies\backend\node_modules\mysql2\lib\promise\pool.js:54:22)
    at D:\myprojects\snaguptechnologies\backend\routes\dashboard.js:9:36
    at Layer.handleRequest (D:\myprojects\snaguptechnologies\backend\node_modules\router\lib\layer.js:152:17)
    at next (D:\myprojects\snaguptechnologies\backend\node_modules\router\lib\route.js:157:13)
    at D:\myprojects\snaguptechnologies\backend\middleware\auth.js:24:9
    at Layer.handleRequest (D:\myprojects\snaguptechnologies\backend\node_modules\router\lib\layer.js:152:17)
    at next (D:\myprojects\snaguptechnologies\backend\node_modules\router\lib\route.js:157:13)
    at authenticateToken (D:\myprojects\snaguptechnologies\backend\middleware\auth.js:13:9)
    at Layer.handleRequest (D:\myprojects\snaguptechnologies\backend\node_modules\router\lib\layer.js:152:17)
    at next (D:\myprojects\snaguptechnologies\backend\node_modules\router\lib\route.js:157:13)
[2026-04-05T10:55:57.955Z] Admin dashboard error: Error: read ECONNRESET
    at PromisePool.execute (D:\myprojects\snaguptechnologies\backend\node_modules\mysql2\lib\promise\pool.js:54:22)
    at D:\myprojects\snaguptechnologies\backend\routes\dashboard.js:9:36
    at Layer.handleRequest (D:\myprojects\snaguptechnologies\backend\node_modules\router\lib\layer.js:152:17)
    at next (D:\myprojects\snaguptechnologies\backend\node_modules\router\lib\route.js:157:13)
    at D:\myprojects\snaguptechnologies\backend\middleware\auth.js:24:9
    at Layer.handleRequest (D:\myprojects\snaguptechnologies\backend\node_modules\router\lib\layer.js:152:17)
    at next (D:\myprojects\snaguptechnologies\backend\node_modules\router\lib\route.js:157:13)
    at authenticateToken (D:\myprojects\snaguptechnologies\backend\middleware\auth.js:13:9)
    at Layer.handleRequest (D:\myprojects\snaguptechnologies\backend\node_modules\router\lib\layer.js:152:17)
    at next (D:\myprojects\snaguptechnologies\backend\node_modules\router\lib\route.js:157:13)
[2026-04-05T13:08:00.832Z] Admin dashboard error: Error: Schema change caused error: [schema:1146]Table 'test.certificates' doesn't exist
    at PromisePool.execute (D:\myprojects\snaguptechnologies\backend\node_modules\mysql2\lib\promise\pool.js:54:22)
    at D:\myprojects\snaguptechnologies\backend\routes\dashboard.js:24:34
    at process.processTicksAndRejections (node:internal/process/task_queues:104:5)
[2026-04-05T13:08:00.842Z] Admin dashboard error: Error: Schema change caused error: [schema:1146]Table 'test.certificates' doesn't exist
    at PromisePool.execute (D:\myprojects\snaguptechnologies\backend\node_modules\mysql2\lib\promise\pool.js:54:22)
    at D:\myprojects\snaguptechnologies\backend\routes\dashboard.js:24:34
    at process.processTicksAndRejections (node:internal/process/task_queues:104:5)
[2026-04-05T13:08:02.655Z] Admin dashboard error: Error: Schema change caused error: [schema:1146]Table 'test.certificates' doesn't exist
    at PromisePool.execute (D:\myprojects\snaguptechnologies\backend\node_modules\mysql2\lib\promise\pool.js:54:22)
    at D:\myprojects\snaguptechnologies\backend\routes\dashboard.js:24:34
    at process.processTicksAndRejections (node:internal/process/task_queues:104:5)
[2026-04-05T13:08:02.660Z] Admin dashboard error: Error: Schema change caused error: [schema:1146]Table 'test.certificates' doesn't exist
    at PromisePool.execute (D:\myprojects\snaguptechnologies\backend\node_modules\mysql2\lib\promise\pool.js:54:22)
    at D:\myprojects\snaguptechnologies\backend\routes\dashboard.js:24:34
    at process.processTicksAndRejections (node:internal/process/task_queues:104:5)
[2026-04-05T13:08:04.559Z] Admin dashboard error: Error: Schema change caused error: [schema:1146]Table 'test.certificates' doesn't exist
    at PromisePool.execute (D:\myprojects\snaguptechnologies\backend\node_modules\mysql2\lib\promise\pool.js:54:22)
    at D:\myprojects\snaguptechnologies\backend\routes\dashboard.js:24:34
    at process.processTicksAndRejections (node:internal/process/task_queues:104:5)
[2026-04-06T09:37:40.371Z] Admin dashboard error: Error: read ECONNRESET
    at PromisePool.execute (D:\myprojects\snaguptechnologies\backend\node_modules\mysql2\lib\promise\pool.js:54:22)
    at D:\myprojects\snaguptechnologies\backend\routes\dashboard.js:70:44
    at process.processTicksAndRejections (node:internal/process/task_queues:104:5)
[2026-04-06T09:37:40.521Z] Admin dashboard error: Error: read ECONNRESET
    at PromisePool.execute (D:\myprojects\snaguptechnologies\backend\node_modules\mysql2\lib\promise\pool.js:54:22)
    at D:\myprojects\snaguptechnologies\backend\routes\dashboard.js:70:44
    at process.processTicksAndRejections (node:internal/process/task_queues:104:5)
